// Jest Snapshot v1, https://goo.gl/fbAQLP

exports[`renders correctly 1`] = `
ShallowWrapper {
  Symbol(enzyme.__root__): [Circular],
  Symbol(enzyme.__unrendered__): <DeliveryOptions />,
  Symbol(enzyme.__renderer__): Object {
    "batchedUpdates": [Function],
    "checkPropTypes": [Function],
    "getNode": [Function],
    "render": [Function],
    "simulateError": [Function],
    "simulateEvent": [Function],
    "unmount": [Function],
  },
  Symbol(enzyme.__node__): Object {
    "instance": null,
    "key": undefined,
    "nodeType": "class",
    "props": Object {
      "bsClass": "form-group",
      "children": Array [
        <Radio
          bsClass="radio"
          defaultChecked={undefined}
          disabled={false}
          inline={true}
          name="1"
          onClick={[Function]}
          title=""
>
          Доставка до адрес
</Radio>,
        " ",
      ],
      "className": "delivery-options",
    },
    "ref": null,
    "rendered": Array [
      Object {
        "instance": null,
        "key": undefined,
        "nodeType": "class",
        "props": Object {
          "bsClass": "radio",
          "children": "Доставка до адрес",
          "defaultChecked": undefined,
          "disabled": false,
          "inline": true,
          "name": "1",
          "onClick": [Function],
          "title": "",
        },
        "ref": null,
        "rendered": "Доставка до адрес",
        "type": [Function],
      },
      " ",
    ],
    "type": [Function],
  },
  Symbol(enzyme.__nodes__): Array [
    Object {
      "instance": null,
      "key": undefined,
      "nodeType": "class",
      "props": Object {
        "bsClass": "form-group",
        "children": Array [
          <Radio
            bsClass="radio"
            defaultChecked={undefined}
            disabled={false}
            inline={true}
            name="1"
            onClick={[Function]}
            title=""
>
            Доставка до адрес
</Radio>,
          " ",
        ],
        "className": "delivery-options",
      },
      "ref": null,
      "rendered": Array [
        Object {
          "instance": null,
          "key": undefined,
          "nodeType": "class",
          "props": Object {
            "bsClass": "radio",
            "children": "Доставка до адрес",
            "defaultChecked": undefined,
            "disabled": false,
            "inline": true,
            "name": "1",
            "onClick": [Function],
            "title": "",
          },
          "ref": null,
          "rendered": "Доставка до адрес",
          "type": [Function],
        },
        " ",
      ],
      "type": [Function],
    },
  ],
  Symbol(enzyme.__options__): Object {
    "adapter": ReactSixteenAdapter {
      "options": Object {
        "enableComponentDidUpdateOnSetState": true,
        "legacyContextMode": "parent",
        "lifecycles": Object {
          "componentDidUpdate": Object {
            "onSetState": true,
          },
          "getChildContext": Object {
            "calledByRenderer": false,
          },
          "getDerivedStateFromError": false,
          "getDerivedStateFromProps": Object {
            "hasShouldComponentUpdateBug": false,
          },
          "getSnapshotBeforeUpdate": true,
          "setState": Object {
            "skipsComponentDidUpdateOnNullish": true,
          },
        },
      },
    },
    Symbol(enzyme.__providerValues__): undefined,
  },
  Symbol(enzyme.__providerValues__): Map {},
  Symbol(enzyme.__childContext__): null,
}
`;
